2025-11-06 19:13:00,677:WARNING:
'cuml' is a soft dependency and not included in the pycaret installation. Please run: `pip install cuml` to install.
2025-11-06 19:13:00,677:WARNING:
'cuml' is a soft dependency and not included in the pycaret installation. Please run: `pip install cuml` to install.
2025-11-06 19:13:00,677:WARNING:
'cuml' is a soft dependency and not included in the pycaret installation. Please run: `pip install cuml` to install.
2025-11-06 19:13:00,677:WARNING:
'cuml' is a soft dependency and not included in the pycaret installation. Please run: `pip install cuml` to install.
2025-11-06 19:13:02,991:INFO:PyCaret AnomalyExperiment
2025-11-06 19:13:02,991:INFO:Logging name: anomaly-default-name
2025-11-06 19:13:02,991:INFO:ML Usecase: MLUsecase.ANOMALY
2025-11-06 19:13:02,991:INFO:version 3.3.2
2025-11-06 19:13:02,991:INFO:Initializing setup()
2025-11-06 19:13:02,991:INFO:self.USI: 5d6c
2025-11-06 19:13:02,991:INFO:self._variable_keys: {'html_param', 'log_plots_param', 'seed', '_ml_usecase', '_available_plots', 'gpu_param', 'X', 'n_jobs_param', 'exp_name_log', 'gpu_n_jobs_param', 'exp_id', 'pipeline', 'idx', 'data', 'memory', 'logging_param', 'USI'}
2025-11-06 19:13:02,991:INFO:Checking environment
2025-11-06 19:13:02,991:INFO:python_version: 3.11.9
2025-11-06 19:13:02,991:INFO:python_build: ('tags/v3.11.9:de54cf5', 'Apr  2 2024 10:12:12')
2025-11-06 19:13:02,991:INFO:machine: AMD64
2025-11-06 19:13:03,020:INFO:platform: Windows-10-10.0.22631-SP0
2025-11-06 19:13:03,025:INFO:Memory: svmem(total=8269058048, available=844083200, percent=89.8, used=7424974848, free=844083200)
2025-11-06 19:13:03,026:INFO:Physical Core: 12
2025-11-06 19:13:03,026:INFO:Logical Core: 16
2025-11-06 19:13:03,026:INFO:Checking libraries
2025-11-06 19:13:03,026:INFO:System:
2025-11-06 19:13:03,026:INFO:    python: 3.11.9 (tags/v3.11.9:de54cf5, Apr  2 2024, 10:12:12) [MSC v.1938 64 bit (AMD64)]
2025-11-06 19:13:03,026:INFO:executable: E:\Solvio\solvio-backend\.venv311\Scripts\python.exe
2025-11-06 19:13:03,026:INFO:   machine: Windows-10-10.0.22631-SP0
2025-11-06 19:13:03,026:INFO:PyCaret required dependencies:
2025-11-06 19:13:03,068:INFO:                 pip: 24.0
2025-11-06 19:13:03,068:INFO:          setuptools: 65.5.0
2025-11-06 19:13:03,069:INFO:             pycaret: 3.3.2
2025-11-06 19:13:03,069:INFO:             IPython: 9.7.0
2025-11-06 19:13:03,069:INFO:          ipywidgets: 8.1.8
2025-11-06 19:13:03,069:INFO:                tqdm: 4.67.1
2025-11-06 19:13:03,069:INFO:               numpy: 1.26.4
2025-11-06 19:13:03,069:INFO:              pandas: 2.1.4
2025-11-06 19:13:03,069:INFO:              jinja2: 3.1.6
2025-11-06 19:13:03,069:INFO:               scipy: 1.11.4
2025-11-06 19:13:03,069:INFO:              joblib: 1.3.2
2025-11-06 19:13:03,069:INFO:             sklearn: 1.4.2
2025-11-06 19:13:03,069:INFO:                pyod: 2.0.5
2025-11-06 19:13:03,069:INFO:            imblearn: 0.14.0
2025-11-06 19:13:03,069:INFO:   category_encoders: 2.7.0
2025-11-06 19:13:03,069:INFO:            lightgbm: 4.6.0
2025-11-06 19:13:03,069:INFO:               numba: 0.62.1
2025-11-06 19:13:03,069:INFO:            requests: 2.32.5
2025-11-06 19:13:03,069:INFO:          matplotlib: 3.7.5
2025-11-06 19:13:03,069:INFO:          scikitplot: 0.3.7
2025-11-06 19:13:03,069:INFO:         yellowbrick: 1.5
2025-11-06 19:13:03,069:INFO:              plotly: 6.4.0
2025-11-06 19:13:03,069:INFO:    plotly-resampler: Not installed
2025-11-06 19:13:03,070:INFO:             kaleido: 1.2.0
2025-11-06 19:13:03,070:INFO:           schemdraw: 0.15
2025-11-06 19:13:03,070:INFO:         statsmodels: 0.14.5
2025-11-06 19:13:03,070:INFO:              sktime: 0.26.0
2025-11-06 19:13:03,070:INFO:               tbats: 1.1.3
2025-11-06 19:13:03,070:INFO:            pmdarima: 2.0.4
2025-11-06 19:13:03,070:INFO:              psutil: 7.1.3
2025-11-06 19:13:03,070:INFO:          markupsafe: 3.0.3
2025-11-06 19:13:03,070:INFO:             pickle5: Not installed
2025-11-06 19:13:03,070:INFO:         cloudpickle: 3.1.2
2025-11-06 19:13:03,070:INFO:         deprecation: 2.1.0
2025-11-06 19:13:03,070:INFO:              xxhash: 3.6.0
2025-11-06 19:13:03,070:INFO:           wurlitzer: Not installed
2025-11-06 19:13:03,070:INFO:PyCaret optional dependencies:
2025-11-06 19:13:03,692:INFO:                shap: Not installed
2025-11-06 19:13:03,692:INFO:           interpret: Not installed
2025-11-06 19:13:03,692:INFO:                umap: Not installed
2025-11-06 19:13:03,692:INFO:     ydata_profiling: Not installed
2025-11-06 19:13:03,692:INFO:  explainerdashboard: Not installed
2025-11-06 19:13:03,692:INFO:             autoviz: Not installed
2025-11-06 19:13:03,692:INFO:           fairlearn: Not installed
2025-11-06 19:13:03,692:INFO:          deepchecks: Not installed
2025-11-06 19:13:03,692:INFO:             xgboost: Not installed
2025-11-06 19:13:03,692:INFO:            catboost: Not installed
2025-11-06 19:13:03,692:INFO:              kmodes: Not installed
2025-11-06 19:13:03,692:INFO:             mlxtend: Not installed
2025-11-06 19:13:03,692:INFO:       statsforecast: Not installed
2025-11-06 19:13:03,692:INFO:        tune_sklearn: Not installed
2025-11-06 19:13:03,693:INFO:                 ray: Not installed
2025-11-06 19:13:03,693:INFO:            hyperopt: Not installed
2025-11-06 19:13:03,693:INFO:              optuna: Not installed
2025-11-06 19:13:03,693:INFO:               skopt: Not installed
2025-11-06 19:13:03,693:INFO:              mlflow: Not installed
2025-11-06 19:13:03,693:INFO:              gradio: Not installed
2025-11-06 19:13:03,693:INFO:             fastapi: 0.120.3
2025-11-06 19:13:03,693:INFO:             uvicorn: 0.38.0
2025-11-06 19:13:03,693:INFO:              m2cgen: Not installed
2025-11-06 19:13:03,693:INFO:           evidently: Not installed
2025-11-06 19:13:03,693:INFO:               fugue: Not installed
2025-11-06 19:13:03,693:INFO:           streamlit: Not installed
2025-11-06 19:13:03,693:INFO:             prophet: Not installed
2025-11-06 19:13:03,693:INFO:None
2025-11-06 19:13:03,693:INFO:Set up data.
2025-11-06 19:13:03,699:INFO:Set up index.
2025-11-06 19:13:03,700:INFO:Assigning column types.
2025-11-06 19:13:03,705:INFO:Engine successfully changes for model 'kmeans' to 'sklearn'.
2025-11-06 19:13:04,451:INFO:Engine successfully changes for model 'dbscan' to 'sklearn'.
2025-11-06 19:13:04,453:INFO:Preparing preprocessing pipeline...
2025-11-06 19:13:04,453:INFO:Set up simple imputation.
2025-11-06 19:13:04,453:INFO:Set up feature normalization.
2025-11-06 19:13:04,513:INFO:Finished creating preprocessing pipeline.
2025-11-06 19:13:04,523:INFO:Pipeline: Pipeline(memory=FastMemory(location=C:\Users\ASUS\AppData\Local\Temp\joblib),
         steps=[('numerical_imputer',
                 TransformerWrapper(include=['amount', 'secs_since_prev',
                                             'tx_count_1h', 'amt_avg_10',
                                             'amt_std_10', 'amt_ratio_vs_avg10',
                                             'new_merchant_flag', 'fanout_24h',
                                             'device_change_flag',
                                             'geo_change_flag', 'fee_pct',
                                             'cashback_pct', 'hour_of_day',
                                             'day_of_week'],
                                    transformer=SimpleImputer())),
                ('categorical_imputer',
                 TransformerWrapper(include=[],
                                    transformer=SimpleImputer(strategy='most_frequent'))),
                ('normalize',
                 TransformerWrapper(transformer=StandardScaler()))])
2025-11-06 19:13:04,523:INFO:Creating final display dataframe.
2025-11-06 19:13:04,568:INFO:Setup _display_container:                Description                 Value
0               Session id                    42
1      Original data shape            (4755, 14)
2   Transformed data shape            (4755, 14)
3         Numeric features                    14
4               Preprocess                  True
5          Imputation type                simple
6       Numeric imputation                  mean
7   Categorical imputation                  mode
8                Normalize                  True
9         Normalize method                zscore
10                CPU Jobs                    -1
11                 Use GPU                 False
12          Log Experiment                 False
13         Experiment Name  anomaly-default-name
14                     USI                  5d6c
2025-11-06 19:13:04,569:INFO:setup() successfully completed in 1.58s...............
2025-11-06 19:13:04,572:INFO:Initializing create_model()
2025-11-06 19:13:04,572:INFO:create_model(self=<pycaret.anomaly.oop.AnomalyExperiment object at 0x00000298FF720FD0>, estimator=iforest, num_clusters=4, fraction=0.003, ground_truth=None, round=4, fit_kwargs=None, experiment_custom_tags=None, verbose=True, system=True, add_to_model_list=True, raise_num_clusters=False, display=None, kwargs={})
2025-11-06 19:13:04,572:INFO:Checking exceptions
2025-11-06 19:13:04,600:INFO:Importing untrained model
2025-11-06 19:13:04,601:INFO:Isolation Forest Imported successfully
2025-11-06 19:13:04,602:INFO:Fitting Model
2025-11-06 19:13:04,907:INFO:IForest(behaviour='new', bootstrap=False, contamination=0.003,
    max_features=1.0, max_samples='auto', n_estimators=100, n_jobs=-1,
    random_state=42, verbose=0)
2025-11-06 19:13:04,907:INFO:create_models() successfully completed......................................
2025-11-06 19:13:04,908:INFO:Uploading results into container
2025-11-06 19:13:04,908:INFO:Uploading model into container now
2025-11-06 19:13:04,908:INFO:_master_model_container: 1
2025-11-06 19:13:04,908:INFO:_display_container: 1
2025-11-06 19:13:04,908:INFO:IForest(behaviour='new', bootstrap=False, contamination=0.003,
    max_features=1.0, max_samples='auto', n_estimators=100, n_jobs=-1,
    random_state=42, verbose=0)
2025-11-06 19:13:04,908:INFO:create_model() successfully completed......................................
2025-11-06 19:13:05,021:INFO:Initializing assign_model()
2025-11-06 19:13:05,021:INFO:assign_model(self=<pycaret.anomaly.oop.AnomalyExperiment object at 0x00000298FF720FD0>, model=IForest(behaviour='new', bootstrap=False, contamination=0.003,
    max_features=1.0, max_samples='auto', n_estimators=100, n_jobs=-1,
    random_state=42, verbose=0), transformation=False, score=True, verbose=True)
2025-11-06 19:13:05,021:INFO:Checking exceptions
2025-11-06 19:13:05,021:INFO:Determining Trained Model
2025-11-06 19:13:05,021:INFO:Trained Model : Isolation Forest
2025-11-06 19:13:05,021:INFO:Copying data
2025-11-06 19:13:05,023:INFO:(4755, 16)
2025-11-06 19:13:05,023:INFO:assign_model() successfully completed......................................
2025-11-06 19:13:05,031:INFO:Initializing create_model()
2025-11-06 19:13:05,031:INFO:create_model(self=<pycaret.anomaly.oop.AnomalyExperiment object at 0x00000298FF720FD0>, estimator=knn, num_clusters=4, fraction=0.003, ground_truth=None, round=4, fit_kwargs=None, experiment_custom_tags=None, verbose=True, system=True, add_to_model_list=True, raise_num_clusters=False, display=None, kwargs={})
2025-11-06 19:13:05,031:INFO:Checking exceptions
2025-11-06 19:13:05,055:INFO:Importing untrained model
2025-11-06 19:13:05,056:INFO:K-Nearest Neighbors Detector Imported successfully
2025-11-06 19:13:05,057:INFO:Fitting Model
2025-11-06 19:13:05,239:INFO:KNN(algorithm='auto', contamination=0.003, leaf_size=30, method='largest',
  metric='minkowski', metric_params=None, n_jobs=-1, n_neighbors=5, p=2,
  radius=1.0)
2025-11-06 19:13:05,239:INFO:create_models() successfully completed......................................
2025-11-06 19:13:05,240:INFO:Uploading results into container
2025-11-06 19:13:05,240:INFO:Uploading model into container now
2025-11-06 19:13:05,240:INFO:_master_model_container: 2
2025-11-06 19:13:05,240:INFO:_display_container: 1
2025-11-06 19:13:05,241:INFO:KNN(algorithm='auto', contamination=0.003, leaf_size=30, method='largest',
  metric='minkowski', metric_params=None, n_jobs=-1, n_neighbors=5, p=2,
  radius=1.0)
2025-11-06 19:13:05,241:INFO:create_model() successfully completed......................................
2025-11-06 19:13:05,386:INFO:Initializing assign_model()
2025-11-06 19:13:05,387:INFO:assign_model(self=<pycaret.anomaly.oop.AnomalyExperiment object at 0x00000298FF720FD0>, model=KNN(algorithm='auto', contamination=0.003, leaf_size=30, method='largest',
  metric='minkowski', metric_params=None, n_jobs=-1, n_neighbors=5, p=2,
  radius=1.0), transformation=False, score=True, verbose=True)
2025-11-06 19:13:05,387:INFO:Checking exceptions
2025-11-06 19:13:05,387:INFO:Determining Trained Model
2025-11-06 19:13:05,387:INFO:Trained Model : K-Nearest Neighbors Detector
2025-11-06 19:13:05,387:INFO:Copying data
2025-11-06 19:13:05,389:INFO:(4755, 16)
2025-11-06 19:13:05,389:INFO:assign_model() successfully completed......................................
2025-11-06 19:13:05,394:INFO:Initializing create_model()
2025-11-06 19:13:05,394:INFO:create_model(self=<pycaret.anomaly.oop.AnomalyExperiment object at 0x00000298FF720FD0>, estimator=svm, num_clusters=4, fraction=0.003, ground_truth=None, round=4, fit_kwargs=None, experiment_custom_tags=None, verbose=True, system=True, add_to_model_list=True, raise_num_clusters=False, display=None, kwargs={})
2025-11-06 19:13:05,394:INFO:Checking exceptions
2025-11-06 19:13:05,418:INFO:Importing untrained model
2025-11-06 19:13:05,418:INFO:One-class SVM detector Imported successfully
2025-11-06 19:13:05,419:INFO:Fitting Model
2025-11-06 19:13:07,283:INFO:OCSVM(cache_size=200, coef0=0.0, contamination=0.003, degree=3, gamma='auto',
   kernel='rbf', max_iter=-1, nu=0.5, shrinking=True, tol=0.001,
   verbose=False)
2025-11-06 19:13:07,283:INFO:create_models() successfully completed......................................
2025-11-06 19:13:07,283:INFO:Uploading results into container
2025-11-06 19:13:07,283:INFO:Uploading model into container now
2025-11-06 19:13:07,283:INFO:_master_model_container: 3
2025-11-06 19:13:07,283:INFO:_display_container: 1
2025-11-06 19:13:07,284:INFO:OCSVM(cache_size=200, coef0=0.0, contamination=0.003, degree=3, gamma='auto',
   kernel='rbf', max_iter=-1, nu=0.5, shrinking=True, tol=0.001,
   verbose=False)
2025-11-06 19:13:07,284:INFO:create_model() successfully completed......................................
2025-11-06 19:13:07,447:INFO:Initializing assign_model()
2025-11-06 19:13:07,448:INFO:assign_model(self=<pycaret.anomaly.oop.AnomalyExperiment object at 0x00000298FF720FD0>, model=OCSVM(cache_size=200, coef0=0.0, contamination=0.003, degree=3, gamma='auto',
   kernel='rbf', max_iter=-1, nu=0.5, shrinking=True, tol=0.001,
   verbose=False), transformation=False, score=True, verbose=True)
2025-11-06 19:13:07,448:INFO:Checking exceptions
2025-11-06 19:13:07,448:INFO:Determining Trained Model
2025-11-06 19:13:07,448:INFO:Trained Model : One-class SVM detector
2025-11-06 19:13:07,448:INFO:Copying data
2025-11-06 19:13:07,452:INFO:(4755, 16)
2025-11-06 19:13:07,452:INFO:assign_model() successfully completed......................................
2025-11-06 19:13:07,458:INFO:Initializing create_model()
2025-11-06 19:13:07,458:INFO:create_model(self=<pycaret.anomaly.oop.AnomalyExperiment object at 0x00000298FF720FD0>, estimator=lof, num_clusters=4, fraction=0.003, ground_truth=None, round=4, fit_kwargs=None, experiment_custom_tags=None, verbose=True, system=True, add_to_model_list=True, raise_num_clusters=False, display=None, kwargs={})
2025-11-06 19:13:07,458:INFO:Checking exceptions
2025-11-06 19:13:07,480:INFO:Importing untrained model
2025-11-06 19:13:07,480:INFO:Local Outlier Factor Imported successfully
2025-11-06 19:13:07,481:INFO:Fitting Model
2025-11-06 19:13:07,685:INFO:LOF(algorithm='auto', contamination=0.003, leaf_size=30, metric='minkowski',
  metric_params=None, n_jobs=-1, n_neighbors=20, novelty=True, p=2)
2025-11-06 19:13:07,685:INFO:create_models() successfully completed......................................
2025-11-06 19:13:07,685:INFO:Uploading results into container
2025-11-06 19:13:07,686:INFO:Uploading model into container now
2025-11-06 19:13:07,686:INFO:_master_model_container: 4
2025-11-06 19:13:07,686:INFO:_display_container: 1
2025-11-06 19:13:07,686:INFO:LOF(algorithm='auto', contamination=0.003, leaf_size=30, metric='minkowski',
  metric_params=None, n_jobs=-1, n_neighbors=20, novelty=True, p=2)
2025-11-06 19:13:07,686:INFO:create_model() successfully completed......................................
2025-11-06 19:13:07,820:INFO:Initializing assign_model()
2025-11-06 19:13:07,820:INFO:assign_model(self=<pycaret.anomaly.oop.AnomalyExperiment object at 0x00000298FF720FD0>, model=LOF(algorithm='auto', contamination=0.003, leaf_size=30, metric='minkowski',
  metric_params=None, n_jobs=-1, n_neighbors=20, novelty=True, p=2), transformation=False, score=True, verbose=True)
2025-11-06 19:13:07,820:INFO:Checking exceptions
2025-11-06 19:13:07,820:INFO:Determining Trained Model
2025-11-06 19:13:07,820:INFO:Trained Model : Local Outlier Factor
2025-11-06 19:13:07,820:INFO:Copying data
2025-11-06 19:13:07,823:INFO:(4755, 16)
2025-11-06 19:13:07,823:INFO:assign_model() successfully completed......................................
2025-11-06 19:13:07,844:INFO:Initializing save_model()
2025-11-06 19:13:07,844:INFO:save_model(model=OCSVM(cache_size=200, coef0=0.0, contamination=0.003, degree=3, gamma='auto',
   kernel='rbf', max_iter=-1, nu=0.5, shrinking=True, tol=0.001,
   verbose=False), model_name=E:\Solvio\solvio-backend\ai_models\trustwallet_best_txn_v1, prep_pipe_=Pipeline(memory=FastMemory(location=C:\Users\ASUS\AppData\Local\Temp\joblib),
         steps=[('numerical_imputer',
                 TransformerWrapper(include=['amount', 'secs_since_prev',
                                             'tx_count_1h', 'amt_avg_10',
                                             'amt_std_10', 'amt_ratio_vs_avg10',
                                             'new_merchant_flag', 'fanout_24h',
                                             'device_change_flag',
                                             'geo_change_flag', 'fee_pct',
                                             'cashback_pct', 'hour_of_day',
                                             'day_of_week'],
                                    transformer=SimpleImputer())),
                ('categorical_imputer',
                 TransformerWrapper(include=[],
                                    transformer=SimpleImputer(strategy='most_frequent'))),
                ('normalize',
                 TransformerWrapper(transformer=StandardScaler()))]), verbose=True, use_case=MLUsecase.ANOMALY, kwargs={})
2025-11-06 19:13:07,845:INFO:Adding model into prep_pipe
2025-11-06 19:13:07,850:INFO:E:\Solvio\solvio-backend\ai_models\trustwallet_best_txn_v1.pkl saved in current working directory
2025-11-06 19:13:07,860:INFO:Pipeline(memory=Memory(location=None),
         steps=[('numerical_imputer',
                 TransformerWrapper(include=['amount', 'secs_since_prev',
                                             'tx_count_1h', 'amt_avg_10',
                                             'amt_std_10', 'amt_ratio_vs_avg10',
                                             'new_merchant_flag', 'fanout_24h',
                                             'device_change_flag',
                                             'geo_change_flag', 'fee_pct',
                                             'cashback_pct', 'hour_of_day',
                                             'day_of_week'],
                                    transformer=SimpleImputer())),
                ('categorical_imputer',
                 TransformerWrapper(include=[],
                                    transformer=SimpleImputer(strategy='most_frequent'))),
                ('normalize', TransformerWrapper(transformer=StandardScaler())),
                ('trained_model',
                 OCSVM(cache_size=200, coef0=0.0, contamination=0.003, degree=3, gamma='auto',
   kernel='rbf', max_iter=-1, nu=0.5, shrinking=True, tol=0.001,
   verbose=False))])
2025-11-06 19:13:07,860:INFO:save_model() successfully completed......................................
